# CodeMaestro Project Event Log — 2026-09-04 Review Continuation

Event stream policy: semantic append-only / public-safe
Session: CM-SESSION-20260904T132119+0300-chat-inline-m0

---

EVENT ID: CM-EVENT-20260904T141623+0300-review-001
TIMESTAMP: 2026-09-04 14:16:23 +03:00
SESSION: CM-SESSION-20260904T132119+0300-chat-inline-m0
EVENT / TYPE: REVIEW_HARDENING
TARGET: Milestone 0 repository work-session logging foundation
ACTION: Performed full pre-continuation review and hardened CI/checker coverage before allowing the next implementation stage.
REASON: User explicitly requested a full Superpowers review before continuation; review found governance gaps not exposed by the previously green suite.
BEFORE: CI was branch-specific and omitted `logs/**` PR path coverage; live logging tests were heavily tied to the first session/day; arbitrary orphan CM-R references were not checked; the original plan had no separate durable execution-completion record; the earlier state-sync event remained historically PENDING.
AFTER: CI is branch-portable and log-aware; repository-wide logging structural validation and orphan CM-R reference detection are part of `check_repository`; an execution record preserves completed-task evidence separately from the immutable plan; this event records the review outcome without rewriting earlier PENDING history.
EVIDENCE: RED run `33867395187`; intermediate run `33867474830` exposed the explicit negative `No CM-R-033` false positive; GREEN run `33867579001` succeeded after root-cause correction; execution record `docs/superpowers/plans/2026-09-04-repository-work-session-logging-foundation-execution.md`.
AUTHORITY: Explicit user request for full Superpowers review; canonical Milestone-0 logging protocol; verification-before-completion and TDD contracts.
RESULT: PASS
RELATED COMMIT / ARTIFACT: commits `66ad15e19984b5e754a406b6c834f9b1a2659621`, `cfca9cc41ddcf2a60344a177ca0aff801fdc9f8e`; GitHub Actions run `33867579001`.

---

EVENT ID: CM-EVENT-20260904T141624+0300-checkpoint-002
TIMESTAMP: 2026-09-04 14:16:24 +03:00
SESSION: CM-SESSION-20260904T132119+0300-chat-inline-m0
EVENT / TYPE: CHECKPOINT
TARGET: Milestone 0 -> next implementation stage handoff
ACTION: Recorded pre-continuation checkpoint after hardening review.
REASON: Another project-working session must be able to reconstruct current state and next action without relying on model memory.
BEFORE: Milestone 0 was operational but the review had identified four governance/coverage gaps.
AFTER: Review gaps are hardened; PR remains Draft/unmerged; production Skill implementation remains not started.
EVIDENCE: GitHub Actions run `33867579001` success; PR #1 fresh state before log append was open/draft/unmerged/mergeable; execution record contains task-level evidence.
AUTHORITY: Session logging protocol and user-approved Inline Execution workflow.
RESULT: PASS
RELATED COMMIT / ARTIFACT: PR #1; `docs/superpowers/plans/2026-09-04-repository-work-session-logging-foundation-execution.md`; this project-event record.