# CodeMaestro Project Event Log — 2026-09-04

Event stream policy: semantic append-only / public-safe
Session: CM-SESSION-20260904T132119+0300-chat-inline-m0

---

EVENT ID: CM-EVENT-20260904T132147+0300-bootstrap-001
TIMESTAMP: 2026-09-04 13:21:47 +03:00
SESSION: CM-SESSION-20260904T132119+0300-chat-inline-m0
EVENT / TYPE: LOGGING_BOOTSTRAP
TARGET: Repository work-session logging foundation
ACTION: Established the three logging namespaces and opened the first durable Chat transcript/project event stream.
REASON: Milestone 0 Task 5 under explicit user instruction to maintain repository session and project logs in real time.
BEFORE: Policy, schemas, protocol, and doc-CI existed; live `logs/` session/project history was not operational.
AFTER: `logs/conversations/`, `logs/logs/project/`, and reserved `logs/logs/self-evolution/` roots exist; live session transcript exists and project event ledger is being initialized.
EVIDENCE: `logs/conversations/README.md` commit `7821afb3df6a18d03e014c82523a85adf7e13037`; `logs/logs/project/README.md` commit `f4ac035c3371c6f693f49e58470791382005c3c3`; `logs/logs/self-evolution/README.md` commit `2a1b78ee08f285208e1e2be77c6186d41d0e20ca`; first transcript commit `1f166244066ee9581dc17069bf28a5b03ce95dc5`.
AUTHORITY: Explicit user instruction to execute Milestone 0 inline and maintain the agreed logs; approved consolidated v2 §17/§21 and Milestone 0 implementation plan.
RESULT: PARTIALLY VERIFIED — filesystem/bootstrap artifacts created; Task 5 and end-to-end validation not yet complete.
RELATED COMMIT / ARTIFACT: commits `7821afb3df6a18d03e014c82523a85adf7e13037`, `f4ac035c3371c6f693f49e58470791382005c3c3`, `2a1b78ee08f285208e1e2be77c6186d41d0e20ca`, `1f166244066ee9581dc17069bf28a5b03ce95dc5`; transcript `logs/conversations/2026/2026-09-04T132119+0300_chat_inline-milestone0.md`.

---

EVENT ID: CM-EVENT-20260904T132147+0300-history-001
TIMESTAMP: 2026-09-04 13:21:47 +03:00
SESSION: CM-SESSION-20260904T132119+0300-chat-inline-m0
EVENT / TYPE: COVERAGE_BOUNDARY
TARGET: Durable session/project history
ACTION: Declared that durable live logging begins at Task 5 bootstrap and that earlier Chat dialogue is not retroactively reconstructed into a purported complete transcript.
REASON: Evidence honesty and the canonical rule against fabricating unavailable earlier transcript coverage.
BEFORE: Earlier work existed in repository commits/specs/plan/CI evidence but not in the live session/project logging filesystem.
AFTER: Coverage boundary is explicit; earlier durable repository artifacts remain authoritative evidence for pre-bootstrap work.
EVIDENCE: Transcript header `Coverage` field and existing branch history.
AUTHORITY: Canonical logging schemas/protocol and evidence-before-assertion invariant.
RESULT: PASS
RELATED COMMIT / ARTIFACT: `logs/conversations/2026/2026-09-04T132119+0300_chat_inline-milestone0.md`.

---

EVENT ID: CM-EVENT-20260904T132319+0300-test-001
TIMESTAMP: 2026-09-04 13:23:19 +03:00
SESSION: CM-SESSION-20260904T132119+0300-chat-inline-m0
EVENT / TYPE: FILE_MODIFIED
TARGET: `tests/test_doc_consistency.py`
ACTION: Added `LoggingFilesystemTests` requiring the three logging namespace README artifacts to exist on the real repository checkout.
REASON: Milestone 0 Task 5 filesystem contract verification after the required RED test demonstrated the roots were absent before bootstrap.
BEFORE: Test suite covered documentation consistency, privacy policy, schemas, and session protocol but did not assert logging roots.
AFTER: Test suite includes the logging filesystem root contract.
EVIDENCE: pre-bootstrap local RED: `LoggingFilesystemTests` failed because `logs/conversations/README.md` was absent; branch mutation commit `115fee7000df88fc0d98d2919c27f1c5ae1431b4`.
AUTHORITY: Milestone 0 implementation plan Task 5 and canonical v2 §21.
RESULT: PENDING — branch CI had not yet completed at event creation.
RELATED COMMIT / ARTIFACT: `115fee7000df88fc0d98d2919c27f1c5ae1431b4`; `tests/test_doc_consistency.py`.

---

EVENT ID: CM-EVENT-20260904T132414+0300-validation-001
TIMESTAMP: 2026-09-04 13:24:14 +03:00
SESSION: CM-SESSION-20260904T132119+0300-chat-inline-m0
EVENT / TYPE: VALIDATION_PASSED
TARGET: Milestone 0 Task 5 logging filesystem contract
ACTION: Verified the real branch checkout after logging root/bootstrap and filesystem test changes.
REASON: Task 5 cannot be treated as complete from file existence alone; exact-branch tests and documentation checker must pass.
BEFORE: Event `CM-EVENT-20260904T132319+0300-test-001` had `RESULT: PENDING`.
AFTER: GitHub Actions job completed successfully; unit tests and repository documentation checker both passed.
EVIDENCE: GitHub Actions run `33863023688`, job `100991541767`; steps `Run unit tests` and `Run repository documentation checker` both `success`.
AUTHORITY: Verification-before-completion contract and Milestone 0 Task 5.
RESULT: PASS
RELATED COMMIT / ARTIFACT: branch validation run `33863023688`; filesystem/test commit `115fee7000df88fc0d98d2919c27f1c5ae1431b4`.

---

EVENT ID: CM-EVENT-20260904T132414+0300-checkpoint-001
TIMESTAMP: 2026-09-04 13:24:14 +03:00
SESSION: CM-SESSION-20260904T132119+0300-chat-inline-m0
EVENT / TYPE: CHECKPOINT
TARGET: Milestone 0 Task 5 -> Task 6 handoff
ACTION: Recorded verified logging bootstrap state before beginning end-to-end logging drills.
REASON: Canonical checkpoint/handoff gate.
BEFORE: Live logging roots and records existed but Task 5 verification was pending.
AFTER: Task 5 filesystem/bootstrap verification is PASS; Task 6 end-to-end integrity validation is next.
EVIDENCE: GitHub Actions run `33863023688`; active transcript/project ledger; logging policy/schemas/protocol.
AUTHORITY: `docs/project-governance/SESSION-LOGGING-PROTOCOL.md` and Milestone 0 implementation plan.
RESULT: PASS
RELATED COMMIT / ARTIFACT: `logs/conversations/2026/2026-09-04T132119+0300_chat_inline-milestone0.md`; `logs/logs/project/2026/2026-09-04.log`.
